1	MANUAL	https://www.instagram.com/p/DbAMcwsFg9U/	2026-07-20 manual web
2	CLOUDTEST	https://www.instagram.com/p/DbExDv8jy85/	2026-07-22 cloud test
3	SCHEDULED	https://www.instagram.com/p/DbGTW4coLHL/	2026-07-22 cloud
4	18005015453958075	https://www.instagram.com/p/DbJCk0cFheK/	2026-07-23T15:58:13.080905Z
5	17910642642443385	https://www.instagram.com/p/DbLkwiJH9AG/	2026-07-24T15:35:20.983849Z
6	17938889940316013	https://www.instagram.com/p/DbOG0PMjhF6/	2026-07-25T15:11:28.159088Z
7	18127542187656239	https://www.instagram.com/p/DbQrqofkwPI/	2026-07-26T15:12:06.288048Z
8	18081171194669699	https://www.instagram.com/p/DbTvIFKGdoh/	2026-07-27T19:39:52.755503Z
9	18104857733167280	https://www.instagram.com/p/DbW-IaMDKid/	2026-07-29T01:48:43.377000Z
10	18419663998177916	https://www.instagram.com/p/DbYe2Ihk_Ie/	2026-07-29T15:53:54.187107Z
11	18170894809386466	https://www.instagram.com/p/DbbD1h9moIV/	2026-07-30T15:55:31.257732Z
12	18087018098246576	https://www.instagram.com/p/DbdpwbUjYgZ/	2026-07-31T16:05:19.115993Z
13	17982955371112254	https://www.instagram.com/p/DbgH67snOE6/	2026-08-01T15:07:24.802347Z
14	17899731198482682	https://www.instagram.com/p/Dbis2udD9Vm/	2026-08-02T15:08:39.210137Z
15	18010892138933789	https://www.instagram.com/p/DbmgjKLjg02/	2026-08-04T02:38:01.478323Z
16	18148897081458053	https://www.instagram.com/p/Dbn-T3hCRrB/	2026-08-04T16:17:19.638616Z
17	18350241355171118	https://www.instagram.com/p/Dbqhk0jE1-p/	2026-08-05T16:03:57.276757Z
19	18606670249038283	https://www.instagram.com/p/Dbvj918AJvj/	2026-08-07T15:01:09.546169Z
20	18369389278213767	https://www.instagram.com/p/DbyGP5Pkk7j/	2026-08-08T14:39:11.990031Z
21	17905113519467173	https://www.instagram.com/p/Db0rWqukXVh/	2026-08-09T14:41:48.750540Z
22	18153058930501802	https://www.instagram.com/p/Db3TBUxn91Q/	2026-08-10T15:07:02.570597Z
23	18120264118853235	https://www.instagram.com/p/Db53s25nZLt/	2026-08-11T15:06:00.582452Z
24	17940521940324298	https://www.instagram.com/p/Db8cYJnH3QG/	2026-08-12T15:04:56.201363Z
25	18109629383327135	https://www.instagram.com/p/Db_BIZOj2ou/	2026-08-13T15:04:32.154968Z
26	18024527675688814	https://www.instagram.com/p/DcBlVTAAUtm/	2026-08-14T14:59:25.663799Z
